// Jest Snapshot v1, https://goo.gl/fbAQLP

exports[`email rendering tests rendering validate-email 1`] = `
{
  "content": "<h1>Decentraland</h1>
<p>Hello!</p>
<p>You're receiving this email because you signed up for Decentraland email notifications.</p>
<p>You'll be able to customize exactly what kinds of notifications you'd like to receive (e.g., Marketplace, DAO, Events, etc.) but you must first confirm your email.</p>
<p>In order to proceed, we must validate your email address before.</p>
",
  "subject": "Confirm your email",
  "to": "email@example.com",
}
`;
