// Jest Snapshot v1, https://goo.gl/fbAQLP

exports[`email rendering tests rendering validate-email 1`] = `
{
  "accountUrl": "",
  "bannerLabel": "Subscription Confirmation",
  "bannerUrl": "http://cdn.mcauto-images-production.sendgrid.net/2322095804444b83/12244cde-2c01-422b-8d61-b3c09e7d8d71/600x240.png",
  "content": "<p>You're receiving this email because you signed up for Decentraland email notifications.</p>
<p>You'll be able to customize exactly what kind of notifications you'd like to receive (e.g., Marketplace, DAO, Events,
  etc.), but you must first confirm your email.</p>

<p style='height: 41px; padding-top: 8px; padding-bottom: 8px;'>
  <a
    href='https://decentraland.zone/account/confirm-email/0oekmfzAAJccU2d1el57WQWqJrb3FSuG'
    style='display: inline-block; background-color: #f03e53; color: #fff; text-decoration: none; padding: 10px 20px; border-radius: 5px; font-size: 16px; font-weight: bold;'
  >Click Here to Confirm Your Email</a>
</p>

<p>Or you can copy and paste this URL into the browser:
  <a href='https://decentraland.zone/account/confirm-email/0oekmfzAAJccU2d1el57WQWqJrb3FSuG' style='font-size: 13px;'>https://decentraland.zone/account/confirm-email/0oekmfzAAJccU2d1el57WQWqJrb3FSuG</a>
</p>",
  "subject": "[Action Needed] Confirm Email 📩",
  "title": "Hey there",
  "titleHighligth": "",
  "to": "email@example.com",
}
`;
